# file opened: D:\UFV\Arquitectura\Arkanoid_Z80\pala.asm
  1   0000              LONGITUDPALA EQU 7                          ;define la longitud de la pala, podemos ajustarlo aquí
  2   0000              LIMITEDERECHO EQU 31 - LONGITUDPALA         ;último pixel en el que puede dibujar la tabla
  3   0000              LIMITEIZQUIERDO EQU 1                   ;último pixel donde puede dibujar la tabla
  4   0000 0E 03        POSICION: DB 14,3                       ;variable para la posicion de la pala
  5   0002              COLORPALA EQU 2*8                       ;color de la pala
  6   0002              CONTADOR EQU $06FF                      ;ajustar para cambiar la velocidad de la pala
  7   0002
  8   0002              posicionpala:
  9   0002 F3                   di                              ;disable interruptions
 10   0003 31 00 00             ld sp,0                         ;set stack pointer to top of ram (RAMTOP)
 11   0006
 12   0006                                                              ;si todo son constantes el compilador de C te lo compila él mismo
 13   0006
 14   0006
D:\UFV\Arquitectura\Arkanoid_Z80\pala.asm(15): warning[rdlow]: Reading memory at low address: 0
 15   0006 3A 00 00             ld a, (POSICION)                   ; Cargar la columna de la pala en A
 16   0009 6F                   ld l, a                         ; Cargar la columna en L
 17   000A 26 5A                ld h, $5A                       ; Ajustar la fila de la pala
 18   000C 06 07                ld b,LONGITUDPALA                   ;cargar la longitud de la pala
 19   000E CD 61 00             call pintarpala                ;llamamos a pintarpixel
 20   0011
 21   0011
 22   0011
 23   0011              ;MOVER PALA ---------------------------------------------------------------------------------------------------------------------------
 24   0011
 25   0011
 26   0011              leerteclas:
 27   0011 01 FE FD             ld bc, $FDFE                    ;semifila donde esta la letra "A" y la "D"
 28   0014 ED 78                in a,(c)
 29   0016
 30   0016 CB 47                bit 0,a                         ;hay un problema en el dzog y me lo guarda negado, por eso en el siguiente ponemos "z" y no "nz"
 31   0018 28 0A                jr z, mueveizquierda            ;si "A" esta pulsanda se mueve a la izquierda
 32   001A
 33   001A CB 57                bit 2,a                         ;hay un problema en el dzog y me lo guarda negado, por eso en el siguiente ponemos "z" y no "nz"
 34   001C 28 1C                jr z, muevederecha              ;si "D" esta pulsada se mueve a la derecha
 35   001E
 36   001E CB 5F                bit 3,a                         ;hay un problema en el dzog y me lo guarda negado, por eso en el siguiente ponemos "z" y no "nz"
 37   0020 28 6F                jr z, end                        ;si se pulsa "F" se acaba el juego
 38   0022
 39   0022 18 ED                jr leerteclas                   ;a no ser que se pulse "F" seguimos en el bucle
 40   0024
 41   0024
 42   0024              mueveizquierda:
D:\UFV\Arquitectura\Arkanoid_Z80\pala.asm(43): warning[rdlow]: Reading memory at low address: 0
 43   0024 3A 00 00         ld a, (POSICION)                ; Cargamos la posición actual de la pala
 44   0027 FE 01            cp LIMITEIZQUIERDO              ; Comprobamos si está en el límite izquierdo
 45   0029 28 25            jr z, parademover               ; Si está en el límite, no movemos
 46   002B CD 52 00         CALL borrarpala                 ; Borramos la pala en la posición anterior
 47   002E 3D               dec a                           ; Reducimos la posición
 48   002F 32 00 00         ld (POSICION), a                ; Guardamos la nueva posición
 49   0032 CD 61 00         CALL pintarpala                 ; Pintamos la pala en la nueva posición
 50   0035 CD 83 00         CALL esperar                    ; Añadimos un retraso para reducir la sensibilidad
 51   0038 18 16            jr parademover                  ; Salimos del movimiento
 52   003A
 53   003A              muevederecha:
D:\UFV\Arquitectura\Arkanoid_Z80\pala.asm(54): warning[rdlow]: Reading memory at low address: 0
 54   003A 3A 00 00         ld a, (POSICION)                ; Cargamos la posición actual de la pala
 55   003D FE 18            cp LIMITEDERECHO                ; Comprobamos si está en el límite derecho
 56   003F 28 0F            jr z, parademover               ; Si está en el límite, no movemos
 57   0041 CD 52 00         CALL borrarpala                 ; Borramos la pala en la posición anterior
 58   0044 3C               inc a                           ; Aumentamos la posición
 59   0045 32 00 00         ld (POSICION), a                ; Guardamos la nueva posición
 60   0048 CD 61 00         CALL pintarpala                 ; Pintamos la pala en la nueva posición
 61   004B CD 83 00         CALL esperar                    ; Añadimos un retraso para reducir la sensibilidad
 62   004E 18 00            jr parademover                  ; Salimos del movimiento
 63   0050
 64   0050              parademover:
 65   0050 18 BF                jr leerteclas                   ;volvemos al bucle principal
 66   0052              ;------------------------------------------------------------------------------------------------------------------------------
 67   0052              borrarpala:
 68   0052 CD 83 00         call esperar                        ;llamamos a esperar para reducir velocidad
D:\UFV\Arquitectura\Arkanoid_Z80\pala.asm(69): warning[rdlow]: Reading memory at low address: 0
 69   0055 3A 00 00         ld a, (POSICION)                       ; cargamos la posición de columna de la pala en a
 70   0058 6F               ld l, a                             ; cargamos columna en L
 71   0059
 72   0059              borrarpixel:
 73   0059 36 00            ld (hl), 0                          ; escribimos color negro (0) en la posición actual
 74   005B 2C               inc l                               ; movemos a la siguiente posición en la fila
 75   005C 05               dec b                               ; decrementamos b
 76   005D C2 59 00         jp nz, borrarpixel                  ; repetimos hasta borrar toda la pala
 77   0060 C9               ret                                 ; volver a donde se la llamó
 78   0061              ;------------------------------------------------------------------------------------------------------
 79   0061              pintarpala:
D:\UFV\Arquitectura\Arkanoid_Z80\pala.asm(80): warning[rdlow]: Reading memory at low address: 1
 80   0061 3A 01 00             ld a,(POSICION+1)               ;cargamos la siguiente posicion en a
 81   0064 B7                   or a
 82   0065 20 05                jr nz, pintarpala1              ;vamos a pinterapala1
 83   0067 0E 00                ld c,0                          ;cargamos el color negro
 84   0069 CD 75 00             call dibujarpalacolor           ;vamos a dibujarpalacolor
 85   006C
 86   006C              pintarpala1:
D:\UFV\Arquitectura\Arkanoid_Z80\pala.asm(87): warning[rdlow]: Reading memory at low address: 0
 87   006C 3A 00 00             ld a,(POSICION)                 ;cargamos la posicion de la pala en a
 88   006F 0E 10                ld c,COLORPALA                  ;cargamos el color de la pala
 89   0071 CD 75 00             call dibujarpalacolor           ;vamos a dibujarcolor
 90   0074 C9                   ret                             ;volvemos a donde se llamó a la etiqueta
 91   0075
 92   0075              dibujarpalacolor:
 93   0075 06 07                ld b,LONGITUDPALA               ;cargamos la longitud de la pala en b
 94   0077 21 E0 5A             ld hl, $5B00-32                 ;en la última fila
 95   007A 16 00                ld d,0                          ;cargamos el negro en d
 96   007C 5F                   ld e,a                          ;cargamos la posicion en e
 97   007D 19                   add hl, de                      ;colocamos color y posicion
 98   007E
 99   007E              dibujarpalacolor1:
100   007E 71                   ld(hl),c                        ;cargamos el color de la pala
101   007F 23                   inc hl                          ;aumentamos hl
102   0080 10 FC                djnz dibujarpalacolor1          ;repetimoshasta que esté pintada
103   0082 C9                   ret                             ;volvemos a donde se llamó a la función
104   0083              ;-------------------------------------------------------------------------------------------------
105   0083              esperar:
106   0083 F5                   PUSH AF                         ;guardamos los valores
107   0084 C5                   PUSH BC                         ;guardamos los valores
108   0085 01 FF 06             LD BC, CONTADOR                    ;ponemos el contador para que se repita y pierda el tiempo establecido
109   0088
110   0088              esperar1:                               ;perdemos tiempo en este bucle
111   0088 0D                   DEC C
112   0089 20 FD                JR NZ, esperar1
113   008B 05                   DEC B
114   008C 20 FA                JR NZ,esperar1
115   008E C1                   POP BC                          ;recuperamos los valores
116   008F F1                   POP AF                          ;recuperamos los valores
117   0090 C9                   RET                             ;volvemos a donde se llamó
118   0091
119   0091
120   0091
121   0091              ;-------------------------------------------------------------------------------------------------
122   0091              end:
D:\UFV\Arquitectura\Arkanoid_Z80\pala.asm(123): error: Label not found: Fin_Juego
123   0091 CD 00 00         call Fin_Juego
# file closed: D:\UFV\Arquitectura\Arkanoid_Z80\pala.asm
