# file opened: D:\UFV\Arquitectura\Arkanoid_Z80\PintarMapa.asm
 1    0000              Mostrar_Mapa:
D:\UFV\Arquitectura\Arkanoid_Z80\PintarMapa.asm(2): error: Label not found: maplist
D:\UFV\Arquitectura\Arkanoid_Z80\PintarMapa.asm(2): warning[rdlow]: Reading memory at low address: 0
 2    0000 DD 2A 00 00      ld IX, (maplist)
 3    0004 DD 7E 00         LD A, (IX)
 4    0007 DD 23            INC IX
 5    0009
 6    0009              Fila:
 7    0009 DD 7E 00         ld a, (IX)  ; Leemos Y
 8    000C DD 23            INC IX
 9    000E
10    000E 47               ld B, a     ; Guardamos Y en B
11    000F 0E 01            ld C, 1     ; Columna = 1
D:\UFV\Arquitectura\Arkanoid_Z80\PintarMapa.asm(12): error: Label not found: CalcularAtributo
12    0011 CD 00 00         call CalcularAtributo
13    0014
14    0014 DD 7E 00         ld a, (IX)  ; Leemos numero de ladrillos en la fila
15    0017 DD 23            INC IX
16    0019 47               ld B, a
17    001A
18    001A
19    001A
20    001A              Fila_Ladrillo:
21    001A DD 7E 00         ld a, (IX)  ; Leemos color
22    001D DD 23            INC IX
23    001F
24    001F CB 27            sla a       ; Multiplicamos por 8
25    0021 CB 27            sla a
26    0023 CB 27            sla a
27    0025
28    0025 77               ld (hl), a
29    0026 23               INC HL
30    0027 77               LD (HL), A
31    0028 23               INC HL
32    0029
33    0029 10 EF            DJNZ Fila_Ladrillo    ; Sigue hasta que termine la fila
34    002B
35    002B DD 7E 00         ld a, (IX)
36    002E FE FF            cp $FF      ; Si A es 255, va a Fin_Dibujo
37    0030 28 05            jr z, Fin_Dibujo
38    0032
39    0032
40    0032 18 D5            jr Fila
D:\UFV\Arquitectura\Arkanoid_Z80\PintarMapa.asm(41): error: Label not found: Pala_Juego
41    0034 CD 00 00         call Pala_Juego
42    0037
43    0037
44    0037              Fin_Dibujo:
45    0037              RET
46    0037
47    0037
48    0037
49    0037
50    0037
51    0037
# file closed: D:\UFV\Arquitectura\Arkanoid_Z80\PintarMapa.asm
